<?xml version="1.0" encoding="utf-8"?>
<?AutomationStudio Version="4.5.2.102"?>
<Objects>
  <Object
    Path="D:\RUSSKIE_SblLA\DriveControl1\Logical\Package.pkg"
    LogicalPath=""
    Type="Package.ParentUnknown"
    LastWriteTime="132152692640000000" />
  <Object
    Path="D:\RUSSKIE_SblLA\DriveControl1\Logical\Global.typ"
    LogicalPath="Global.typ"
    Type="File"
    LastWriteTime="131200294240000000"
    Private="false" />
  <Object
    Path="D:\RUSSKIE_SblLA\DriveControl1\Logical\Global.var"
    LogicalPath="Global.var"
    Type="File"
    LastWriteTime="132167497440000000"
    Private="false" />
  <Object
    Path="D:\RUSSKIE_SblLA\DriveControl1\Logical\Libraries\Package.pkg"
    LogicalPath="Libraries"
    Type="Package"
    LastWriteTime="132152694300000000" />
  <Object
    Path="D:\RUSSKIE_SblLA\DriveControl1\Logical\Libraries\Runtime\Binary.lby"
    LogicalPath="Libraries.Runtime"
    Type="Library"
    LastWriteTime="131091475340000000" />
  <Object
    Path="D:\RUSSKIE_SblLA\DriveControl1\Logical\Libraries\Runtime\runtime.fun"
    LogicalPath="Libraries.Runtime.runtime.fun"
    Type="File"
    LastWriteTime="131091475340000000"
    Private="false" />
  <Object
    Path="D:\RUSSKIE_SblLA\DriveControl1\Logical\Libraries\Runtime\runtime.typ"
    LogicalPath="Libraries.Runtime.runtime.typ"
    Type="File"
    LastWriteTime="131091475340000000"
    Private="false" />
  <Object
    Path="D:\RUSSKIE_SblLA\DriveControl1\Logical\Libraries\Runtime\runtime.var"
    LogicalPath="Libraries.Runtime.runtime.var"
    Type="File"
    LastWriteTime="131091475340000000"
    Private="false" />
  <Object
    Path="D:\RUSSKIE_SblLA\DriveControl1\Logical\Libraries\Operator\Binary.lby"
    LogicalPath="Libraries.Operator"
    Type="Library"
    LastWriteTime="131091475340000000" />
  <Object
    Path="D:\RUSSKIE_SblLA\DriveControl1\Logical\Libraries\Operator\operator.fun"
    LogicalPath="Libraries.Operator.operator.fun"
    Type="File"
    LastWriteTime="131091475340000000"
    Private="false" />
  <Object
    Path="D:\RUSSKIE_SblLA\DriveControl1\Logical\Libraries\Operator\operator.typ"
    LogicalPath="Libraries.Operator.operator.typ"
    Type="File"
    LastWriteTime="131091475340000000"
    Private="false" />
  <Object
    Path="D:\RUSSKIE_SblLA\DriveControl1\Logical\Libraries\Operator\operator.var"
    LogicalPath="Libraries.Operator.operator.var"
    Type="File"
    LastWriteTime="131091475340000000"
    Private="false" />
  <Object
    Path="D:\RUSSKIE_SblLA\DriveControl1\Logical\Libraries\AsIecCon\Binary.lby"
    LogicalPath="Libraries.AsIecCon"
    Type="Library"
    LastWriteTime="131091475340000000" />
  <Object
    Path="D:\RUSSKIE_SblLA\DriveControl1\Logical\Libraries\AsIecCon\AsIecCon.fun"
    LogicalPath="Libraries.AsIecCon.AsIecCon.fun"
    Type="File"
    LastWriteTime="131091475340000000"
    Private="false" />
  <Object
    Path="D:\RUSSKIE_SblLA\DriveControl1\Logical\Libraries\AsIecCon\AsIecCon.typ"
    LogicalPath="Libraries.AsIecCon.AsIecCon.typ"
    Type="File"
    LastWriteTime="131091475340000000"
    Private="false" />
  <Object
    Path="D:\RUSSKIE_SblLA\DriveControl1\Logical\Libraries\AsIecCon\AsIecCon.var"
    LogicalPath="Libraries.AsIecCon.AsIecCon.var"
    Type="File"
    LastWriteTime="131091475340000000"
    Private="false" />
  <Object
    Path="D:\RUSSKIE_SblLA\DriveControl1\Logical\Libraries\astime\Binary.lby"
    LogicalPath="Libraries.astime"
    Type="Library"
    LastWriteTime="131091475340000000" />
  <Object
    Path="D:\RUSSKIE_SblLA\DriveControl1\Logical\Libraries\astime\astime.fun"
    LogicalPath="Libraries.astime.astime.fun"
    Type="File"
    LastWriteTime="131091475340000000"
    Private="false" />
  <Object
    Path="D:\RUSSKIE_SblLA\DriveControl1\Logical\Libraries\astime\astime.typ"
    LogicalPath="Libraries.astime.astime.typ"
    Type="File"
    LastWriteTime="131091475340000000"
    Private="false" />
  <Object
    Path="D:\RUSSKIE_SblLA\DriveControl1\Logical\Libraries\astime\astime.var"
    LogicalPath="Libraries.astime.astime.var"
    Type="File"
    LastWriteTime="131091475340000000"
    Private="false" />
  <Object
    Path="D:\RUSSKIE_SblLA\DriveControl1\Logical\Libraries\sys_lib\Binary.lby"
    LogicalPath="Libraries.sys_lib"
    Type="Library"
    LastWriteTime="131194240100000000" />
  <Object
    Path="D:\RUSSKIE_SblLA\DriveControl1\Logical\Libraries\sys_lib\sys_lib.fun"
    LogicalPath="Libraries.sys_lib.sys_lib.fun"
    Type="File"
    LastWriteTime="131194240100000000"
    Private="false" />
  <Object
    Path="D:\RUSSKIE_SblLA\DriveControl1\Logical\Libraries\sys_lib\sys_lib.typ"
    LogicalPath="Libraries.sys_lib.sys_lib.typ"
    Type="File"
    LastWriteTime="131194240100000000"
    Private="false" />
  <Object
    Path="D:\RUSSKIE_SblLA\DriveControl1\Logical\Libraries\sys_lib\sys_lib.var"
    LogicalPath="Libraries.sys_lib.sys_lib.var"
    Type="File"
    LastWriteTime="131194240100000000"
    Private="false" />
  <Object
    Path="D:\RUSSKIE_SblLA\DriveControl1\Logical\Libraries\asstring\Binary.lby"
    LogicalPath="Libraries.asstring"
    Type="Library"
    LastWriteTime="131194240160000000" />
  <Object
    Path="D:\RUSSKIE_SblLA\DriveControl1\Logical\Libraries\asstring\asstring.fun"
    LogicalPath="Libraries.asstring.asstring.fun"
    Type="File"
    LastWriteTime="131194240160000000"
    Private="false" />
  <Object
    Path="D:\RUSSKIE_SblLA\DriveControl1\Logical\Libraries\asstring\asstring.typ"
    LogicalPath="Libraries.asstring.asstring.typ"
    Type="File"
    LastWriteTime="131194240160000000"
    Private="false" />
  <Object
    Path="D:\RUSSKIE_SblLA\DriveControl1\Logical\Libraries\asstring\asstring.var"
    LogicalPath="Libraries.asstring.asstring.var"
    Type="File"
    LastWriteTime="131194240160000000"
    Private="false" />
  <Object
    Path="D:\RUSSKIE_SblLA\DriveControl1\Logical\Libraries\DriveLib\ANSIC.lby"
    LogicalPath="Libraries.DriveLib"
    Type="Library"
    LastWriteTime="132167471160000000" />
  <Object
    Path="D:\RUSSKIE_SblLA\DriveControl1\Logical\Libraries\DriveLib\Types.typ"
    LogicalPath="Libraries.DriveLib.Types.typ"
    Type="File"
    LastWriteTime="132167492400000000"
    Private="false" />
  <Object
    Path="D:\RUSSKIE_SblLA\DriveControl1\Logical\Libraries\DriveLib\ConStants.var"
    LogicalPath="Libraries.DriveLib.ConStants.var"
    Type="File"
    LastWriteTime="132167492400000000"
    Private="false" />
  <Object
    Path="D:\RUSSKIE_SblLA\DriveControl1\Logical\Libraries\DriveLib\DriveLib.fun"
    LogicalPath="Libraries.DriveLib.DriveLib.fun"
    Type="File"
    LastWriteTime="132168194800000000"
    Private="false" />
  <Object
    Path="D:\RUSSKIE_SblLA\DriveControl1\Logical\Libraries\DriveLib\DriveStateMachine.c"
    LogicalPath="Libraries.DriveLib.DriveStateMachine.c"
    Type="File"
    LastWriteTime="132168276700000000"
    Private="false" />
  <Object
    Path="D:\RUSSKIE_SblLA\DriveControl1\Logical\Libraries\DriveLib\DoorStateMachine.c"
    LogicalPath="Libraries.DriveLib.DoorStateMachine.c"
    Type="File"
    LastWriteTime="132168212660000000"
    Private="false" />
  <Object
    Path="D:\RUSSKIE_SblLA\DriveControl1\Logical\Libraries\DriveLib\LedStateMachine.c"
    LogicalPath="Libraries.DriveLib.LedStateMachine.c"
    Type="File"
    LastWriteTime="132168207320000000"
    Private="false" />
  <Object
    Path="D:\RUSSKIE_SblLA\DriveControl1\Logical\Program\ANSIC.prg"
    LogicalPath="Program"
    Type="Program"
    LastWriteTime="132167499600000000" />
  <Object
    Path="D:\RUSSKIE_SblLA\DriveControl1\Logical\Program\Init.c"
    LogicalPath="Program.Init.c"
    Type="File"
    LastWriteTime="132168107180000000"
    Private="false" />
  <Object
    Path="D:\RUSSKIE_SblLA\DriveControl1\Logical\Program\Cyclic.c"
    LogicalPath="Program.Cyclic.c"
    Type="File"
    LastWriteTime="132168194420000000"
    Private="false" />
  <Object
    Path="D:\RUSSKIE_SblLA\DriveControl1\Logical\Program\Exit.c"
    LogicalPath="Program.Exit.c"
    Type="File"
    LastWriteTime="132152692480000000"
    Private="false" />
  <Object
    Path="D:\RUSSKIE_SblLA\DriveControl1\Logical\Program\Types.typ"
    LogicalPath="Program.Types.typ"
    Type="File"
    LastWriteTime="132152692480000000"
    Private="true" />
  <Object
    Path="D:\RUSSKIE_SblLA\DriveControl1\Logical\Program\Variables.var"
    LogicalPath="Program.Variables.var"
    Type="File"
    LastWriteTime="132168111680000000"
    Private="true" />
  <Object
    Path="D:\RUSSKIE_SblLA\DriveControl1\Physical\SampleText\Config.pkg"
    LogicalPath="SampleText"
    Type="Configuration.ParentUnknown"
    LastWriteTime="131194231020000000" />
  <Object
    Path="D:\RUSSKIE_SblLA\DriveControl1\Physical\SampleText\Hardware.hw"
    LogicalPath="SampleText.Hardware.hw"
    Type="File"
    LastWriteTime="132167502460000000"
    Private="false" />
  <Object
    Path="D:\RUSSKIE_SblLA\DriveControl1\Physical\SampleText\Hardware.hwl"
    LogicalPath="SampleText.Hardware.hwl"
    Type="File"
    LastWriteTime="132152726320000000"
    Private="false" />
  <Object
    Path="D:\RUSSKIE_SblLA\DriveControl1\Physical\SampleText\4PP065_0571_P74\Cpu.pkg"
    LogicalPath="SampleText.4PP065_0571_P74"
    Type="Cpu"
    LastWriteTime="132143206900000000" />
  <Object
    Path="D:\RUSSKIE_SblLA\DriveControl1\Physical\SampleText\4PP065_0571_P74\Cpu.sw"
    LogicalPath="SampleText.4PP065_0571_P74.Cpu.sw"
    Type="File"
    LastWriteTime="132152694300000000"
    Private="false" />
  <Object
    Path="D:\RUSSKIE_SblLA\DriveControl1\Physical\SampleText\4PP065_0571_P74\Cpu.per"
    LogicalPath="SampleText.4PP065_0571_P74.Cpu.per"
    Type="File"
    LastWriteTime="131194231000000000"
    Private="false" />
  <Object
    Path="D:\RUSSKIE_SblLA\DriveControl1\Physical\SampleText\4PP065_0571_P74\IoMap.iom"
    LogicalPath="SampleText.4PP065_0571_P74.IoMap.iom"
    Type="File"
    LastWriteTime="132168202820000000"
    Private="false" />
  <Object
    Path="D:\RUSSKIE_SblLA\DriveControl1\Physical\SampleText\4PP065_0571_P74\PvMap.vvm"
    LogicalPath="SampleText.4PP065_0571_P74.PvMap.vvm"
    Type="File"
    LastWriteTime="131194231000000000"
    Private="false" />
  <Object
    Path="D:\RUSSKIE_SblLA\DriveControl1\Physical\SampleText\4PP065_0571_P74\mapp\Package.pkg"
    LogicalPath="SampleText.4PP065_0571_P74.mapp"
    Type="Package"
    LastWriteTime="131194231000000000" />
  <Object
    Path="D:\RUSSKIE_SblLA\DriveControl1\Physical\SampleText\4PP065_0571_P74\Connectivity\Package.pkg"
    LogicalPath="SampleText.4PP065_0571_P74.Connectivity"
    Type="Package"
    LastWriteTime="131194231000000000" />
  <Object
    Path="D:\RUSSKIE_SblLA\DriveControl1\Physical\SampleText\4PP065_0571_P74\Connectivity\OpcUA\Package.pkg"
    LogicalPath="SampleText.4PP065_0571_P74.Connectivity.OpcUA"
    Type="Package"
    LastWriteTime="131194231000000000" />
  <Object
    Path="D:\RUSSKIE_SblLA\DriveControl1\Physical\SampleText\4PP065_0571_P74\TextSystem\Package.pkg"
    LogicalPath="SampleText.4PP065_0571_P74.TextSystem"
    Type="Package"
    LastWriteTime="131194231000000000" />
  <Object
    Path="D:\RUSSKIE_SblLA\DriveControl1\Physical\SampleText\4PP065_0571_P74\AccessAndSecurity\Package.pkg"
    LogicalPath="SampleText.4PP065_0571_P74.AccessAndSecurity"
    Type="Package"
    LastWriteTime="131194231000000000" />
  <Object
    Path="D:\RUSSKIE_SblLA\DriveControl1\Physical\SampleText\4PP065_0571_P74\AccessAndSecurity\UserRoleSystem\Package.pkg"
    LogicalPath="SampleText.4PP065_0571_P74.AccessAndSecurity.UserRoleSystem"
    Type="Package"
    LastWriteTime="131194231000000000" />
  <Object
    Path="D:\RUSSKIE_SblLA\DriveControl1\Physical\SampleText\4PP065_0571_P74\AccessAndSecurity\UserRoleSystem\Role.role"
    LogicalPath="SampleText.4PP065_0571_P74.AccessAndSecurity.UserRoleSystem.Role.role"
    Type="File"
    LastWriteTime="131194231000000000"
    Private="false" />
  <Object
    Path="D:\RUSSKIE_SblLA\DriveControl1\Physical\SampleText\4PP065_0571_P74\AccessAndSecurity\UserRoleSystem\User.user"
    LogicalPath="SampleText.4PP065_0571_P74.AccessAndSecurity.UserRoleSystem.User.user"
    Type="File"
    LastWriteTime="131194231000000000"
    Private="false" />
  <Object
    Path="D:\RUSSKIE_SblLA\DriveControl1\Physical\SampleText\4PP065_0571_P74\AccessAndSecurity\CertificateStore\Package.pkg"
    LogicalPath="SampleText.4PP065_0571_P74.AccessAndSecurity.CertificateStore"
    Type="Package"
    LastWriteTime="131194231000000000" />
  <Object
    Path="D:\RUSSKIE_SblLA\DriveControl1\Physical\SampleText\4PP065_0571_P74\AccessAndSecurity\CertificateStore\OwnCertificates\Package.pkg"
    LogicalPath="SampleText.4PP065_0571_P74.AccessAndSecurity.CertificateStore.OwnCertificates"
    Type="Package"
    LastWriteTime="131194231000000000" />
  <Object
    Path="D:\RUSSKIE_SblLA\DriveControl1\Physical\SampleText\4PP065_0571_P74\AccessAndSecurity\CertificateStore\OwnCertificates\Certificates\Package.pkg"
    LogicalPath="SampleText.4PP065_0571_P74.AccessAndSecurity.CertificateStore.OwnCertificates.Certificates"
    Type="Package"
    LastWriteTime="131194231000000000" />
  <Object
    Path="D:\RUSSKIE_SblLA\DriveControl1\Physical\SampleText\4PP065_0571_P74\AccessAndSecurity\CertificateStore\OwnCertificates\PrivateKeys\Package.pkg"
    LogicalPath="SampleText.4PP065_0571_P74.AccessAndSecurity.CertificateStore.OwnCertificates.PrivateKeys"
    Type="Package"
    LastWriteTime="131194231000000000" />
  <Object
    Path="D:\RUSSKIE_SblLA\DriveControl1\Physical\SampleText\4PP065_0571_P74\AccessAndSecurity\CertificateStore\ThirdPartyCertificates\Package.pkg"
    LogicalPath="SampleText.4PP065_0571_P74.AccessAndSecurity.CertificateStore.ThirdPartyCertificates"
    Type="Package"
    LastWriteTime="131194231000000000" />
  <Object
    Path="D:\RUSSKIE_SblLA\DriveControl1\Physical\SampleText\4PP065_0571_P74\AccessAndSecurity\CertificateStore\ThirdPartyCertificates\SoftwareCertificates\Package.pkg"
    LogicalPath="SampleText.4PP065_0571_P74.AccessAndSecurity.CertificateStore.ThirdPartyCertificates.SoftwareCertificates"
    Type="Package"
    LastWriteTime="131194231000000000" />
  <Object
    Path="D:\RUSSKIE_SblLA\DriveControl1\Physical\SampleText\4PP065_0571_P74\AccessAndSecurity\CertificateStore\CertificateRevocationLists\Package.pkg"
    LogicalPath="SampleText.4PP065_0571_P74.AccessAndSecurity.CertificateStore.CertificateRevocationLists"
    Type="Package"
    LastWriteTime="131194231000000000" />
  <Object
    Path="D:\RUSSKIE_SblLA\DriveControl1\Physical\SampleText\4PP065_0571_P74\AccessAndSecurity\CertificateStore\CertificateSigningRequests\Package.pkg"
    LogicalPath="SampleText.4PP065_0571_P74.AccessAndSecurity.CertificateStore.CertificateSigningRequests"
    Type="Package"
    LastWriteTime="131194231000000000" />
  <Object
    Path="D:\RUSSKIE_SblLA\DriveControl1\Physical\SampleText\4PP065_0571_P74\AccessAndSecurity\TransportLayerSecurity\Package.pkg"
    LogicalPath="SampleText.4PP065_0571_P74.AccessAndSecurity.TransportLayerSecurity"
    Type="Package"
    LastWriteTime="131194231000000000" />
  <Object
    Path="D:\RUSSKIE_SblLA\DriveControl1\Physical\SampleText\Hardware.jpg"
    LogicalPath="SampleText.Hardware.jpg"
    Type="File"
    LastWriteTime="132169181060000000"
    Private="false" />
</Objects>